// Jest Snapshot v1, https://goo.gl/fbAQLP

exports[`without static types 1`] = `
"import { literal, number, object, string } from 'zod';

export const One = object({ type: literal(\\"one\\"), value: string(), });
export const Two = object({ type: literal(\\"two\\"), value: number(), });
export const Three = One.or(Two);
"
`;
