// Jest Snapshot v1, https://goo.gl/fbAQLP

exports[`without static types 1`] = `
"import { Literal, Number, Record, String } from 'runtypes';

export const One = Record({ type: Literal(\\"one\\"), value: String, });
export const Two = Record({ type: Literal(\\"two\\"), value: Number, });
export const Three = One.Or(Two);
"
`;
