// Jest Snapshot v1, https://goo.gl/fbAQLP

exports[`boolean 1`] = `
"import { Boolean, Static } from 'runtypes';

export const A = Boolean;

export type A = Static<typeof A>;
"
`;
