// Jest Snapshot v1, https://goo.gl/fbAQLP

exports[`builtin 1`] = `
"import { Record, InstanceOf, Static } from 'runtypes';

export const A = Record({ a: InstanceOf(Uint8Array), });

export type A = Static<typeof A>;
"
`;
