// Jest Snapshot v1, https://goo.gl/fbAQLP

exports[`circular references 1`] = `
"import { Student as _Student, Teacher as _Teacher } from './circular-references';
import { Static, Lazy, Runtype, Record, Literal, Array } from 'runtypes';

export const Teacher: Runtype<_Teacher> = Lazy(() => Record({ type: Literal(\\"teacher\\"), students: Array(Student), reportsTo: Teacher, }));

export type Teacher = Static<typeof Teacher>;

export const Student: Runtype<_Student> = Lazy(() => Record({ type: Literal(\\"student\\"), teacher: Teacher, }));

export type Student = Static<typeof Student>;

export const User = Student.Or(Teacher);

export type User = Static<typeof User>;
"
`;
