// Jest Snapshot v1, https://goo.gl/fbAQLP

exports[`duplicate references 1`] = `
"import { Record, Null, String, Static } from 'runtypes';

export const FooType = Null.Or(String);

export type FooType = Static<typeof FooType>;

export const HorseType = Record({ a: FooType, b: FooType, });

export type HorseType = Static<typeof HorseType>;
"
`;
