// Jest Snapshot v1, https://goo.gl/fbAQLP

exports[`function 1`] = `
"import { A as _A, B as _B, C as _C, D as _D, E as _E, F as _F } from './function';
import { Static, Contract, String, Number, Void, Undefined, Unknown, AsyncContract } from 'runtypes';

export const A = Contract(String, Number, Void);

export type A = _A;

export const B = Contract(Number, Void);

export type B = _B;

export const C = Contract(String, Number.Or(Undefined), Unknown);

export type C = _C;

export const D = Contract(Number, String).enforce(_D);

export type D = typeof D;

export const E = AsyncContract(Number, String).enforce(_E);

export type E = typeof E;

export const F = Contract(Number, String);

export type F = _F;
"
`;

exports[`function with non-strict nulls 1`] = `
"import { C as _C } from './function';
import { Static, Contract, String, Number, Unknown } from 'runtypes';

export const C = Contract(String, Number.optional(), Unknown);

export type C = _C;
"
`;
