// Jest Snapshot v1, https://goo.gl/fbAQLP

exports[`json schema 1`] = `
"import { Record, Tuple, Dictionary, String, Unknown, Undefined, Static } from 'runtypes';

export const ExampleSchema = Record({ testArray: Tuple(Dictionary(Unknown, String), Dictionary(Unknown, String), Dictionary(Unknown, String),).Or(Undefined).optional(), });

export type ExampleSchema = Static<typeof ExampleSchema>;
"
`;
