// Jest Snapshot v1, https://goo.gl/fbAQLP

exports[`namespace 1`] = `
"import { Static, Record, String, Number, Unknown } from 'runtypes';

export namespace A {
  export const B = Record({ C: String, });

  export type B = Static<typeof B>;

  export const C = Unknown;

  export type C = Static<typeof C>;

  export const D = Record({ E: Number, });

  export type D = Static<typeof D>;
}

export namespace B {
  export namespace C {
    export const D = Number;

    export type D = Static<typeof D>;
  }
}
"
`;
