// Jest Snapshot v1, https://goo.gl/fbAQLP

exports[`optional property 1`] = `
"import { Record, String, Undefined, Static } from 'runtypes';

export const A = Record({ foo: String.Or(Undefined).optional(), });

export type A = Static<typeof A>;
"
`;
