// Jest Snapshot v1, https://goo.gl/fbAQLP

exports[`json schema 1`] = `
"import { Record, String, Number, Undefined, Literal, Static } from 'runtypes';

export const ExampleSchema = Record({ firstName: String, lastName: String, age: Number.Or(Undefined).optional(), hairColor: Literal(\\"black\\").Or(Literal(\\"brown\\")).Or(Literal(\\"blue\\")).Or(Undefined).optional(), });

export type ExampleSchema = Static<typeof ExampleSchema>;
"
`;
