// Jest Snapshot v1, https://goo.gl/fbAQLP

exports[`strings 1`] = `
"import { Static, String } from 'runtypes';

export const A = String;

export type A = Static<typeof A>;
"
`;
