// Jest Snapshot v1, https://goo.gl/fbAQLP

exports[`tuple 1`] = `
"import { Tuple, Number, String, Static } from 'runtypes';

export const A = Tuple(Number, String, Number,);

export type A = Static<typeof A>;

export const B = Tuple(A, A,);

export type B = Static<typeof B>;
"
`;
