// Jest Snapshot v1, https://goo.gl/fbAQLP

exports[`mapRuntypeName 1`] = `
"import { Static, Record, String, Array } from 'runtypes';

export const MappedAFoo = Record({ foo: String, });

export type MappedABar = Static<typeof MappedAFoo>;

export const MappedBFoo = Record({ bar: MappedAFoo, baz: MappedAFoo, nest: Record({ baz2: Array(MappedAFoo), }), });

export type MappedBBar = Static<typeof MappedBFoo>;
"
`;
