// Jest Snapshot v1, https://goo.gl/fbAQLP

exports[`boolean 1`] = `
"import { infer as Infer, boolean } from 'zod';

export const A = boolean();

export type A = Infer<typeof A>;
"
`;
