// Jest Snapshot v1, https://goo.gl/fbAQLP

exports[`circular references 1`] = `
"import { Student as _Student, Teacher as _Teacher } from './circular-references';
import { infer as Infer, lazy, ZodType, object, literal, array } from 'zod';

export const Teacher: ZodType<_Teacher> = lazy(() => object({ type: literal(\\"teacher\\"), students: array(Student), reportsTo: Teacher, }));

export type Teacher = Infer<typeof Teacher>;

export const Student: ZodType<_Student> = lazy(() => object({ type: literal(\\"student\\"), teacher: Teacher, }));

export type Student = Infer<typeof Student>;

export const User = Student.or(Teacher);

export type User = Infer<typeof User>;
"
`;
