// Jest Snapshot v1, https://goo.gl/fbAQLP

exports[`duplicate references 1`] = `
"import { infer as Infer, object, null as Null, string } from 'zod';

export const FooType = Null().or(string());

export type FooType = Infer<typeof FooType>;

export const HorseType = object({ a: FooType, b: FooType, });

export type HorseType = Infer<typeof HorseType>;
"
`;
