// Jest Snapshot v1, https://goo.gl/fbAQLP

exports[`function 1`] = `
"import { infer as Infer, function as func } from 'zod';

export const A = func();

export type A = Infer<typeof A>;

export const B = func();

export type B = Infer<typeof B>;

export const C = func();

export type C = Infer<typeof C>;

export const D = func();

export type D = Infer<typeof D>;

export const E = func();

export type E = Infer<typeof E>;

export const F = func();

export type F = Infer<typeof F>;
"
`;

exports[`function with non-strict nulls 1`] = `
"import { infer as Infer, function as func } from 'zod';

export const C = func();

export type C = Infer<typeof C>;
"
`;
