// Jest Snapshot v1, https://goo.gl/fbAQLP

exports[`import 1`] = `
"import { infer as Infer, object, string } from 'zod';

export const A = object({ foo: string(), });

export type A = Infer<typeof A>;
"
`;
