// Jest Snapshot v1, https://goo.gl/fbAQLP

exports[`json schema 1`] = `
"import { infer as Infer, object, tuple, record, string, unknown as Unknown, undefined as Undefined } from 'zod';

export const ExampleSchema = object({ testArray: tuple(record(string(), Unknown()), record(string(), Unknown()), record(string(), Unknown()),).or(Undefined()).optional(), });

export type ExampleSchema = Infer<typeof ExampleSchema>;
"
`;
