// Jest Snapshot v1, https://goo.gl/fbAQLP

exports[`record 1`] = `
"import { infer as Infer, record, string } from 'zod';

export const A = record(string(), string());

export type A = Infer<typeof A>;
"
`;
