// Jest Snapshot v1, https://goo.gl/fbAQLP

exports[`json schema 1`] = `
"import { infer as Infer, object, string, number, undefined as Undefined, literal } from 'zod';

export const ExampleSchema = object({ firstName: string(), lastName: string(), age: number().or(Undefined()).optional(), hairColor: literal(\\"black\\").or(literal(\\"brown\\")).or(literal(\\"blue\\")).or(Undefined()).optional(), });

export type ExampleSchema = Infer<typeof ExampleSchema>;
"
`;
