// Jest Snapshot v1, https://goo.gl/fbAQLP

exports[`mapRuntypeName 1`] = `
"import { infer as Infer, object, string, array } from 'zod';

export const MappedAFoo = object({ foo: string(), });

export type MappedABar = Infer<typeof MappedAFoo>;

export const MappedBFoo = object({ bar: MappedAFoo, baz: MappedAFoo, nest: object({ baz2: array(MappedAFoo), }), });

export type MappedBBar = Infer<typeof MappedBFoo>;
"
`;
